// Jest Snapshot v1, https://goo.gl/fbAQLP

exports[`should render correctly Calculator Page 1`] = `
<div>
  <h2>
    Calculator App
  </h2>
  <div
    className="col-6 mx-auto"
  >
    <div
      data-testid="display"
    >
      <h5
        className="previous m-0 font"
      >
        0
        
      </h5>
    </div>
    <div
      className="buttonPanel row p-0 m-0"
      data-testid="panel"
    >
      <div
        className="ordinaries col-9 p-0"
      >
        <button
          className="ordinary"
          onClick={[Function]}
          type="button"
        >
          <h3
            className="color"
          >
            AC
          </h3>
        </button>
        <button
          className="ordinary"
          onClick={[Function]}
          type="button"
        >
          <h3
            className="color"
          >
            +/-
          </h3>
        </button>
        <button
          className="ordinary"
          onClick={[Function]}
          type="button"
        >
          <h3
            className="color"
          >
            %
          </h3>
        </button>
        <button
          className="ordinary"
          onClick={[Function]}
          type="button"
        >
          <h3
            className="color"
          >
            7
          </h3>
        </button>
        <button
          className="ordinary"
          onClick={[Function]}
          type="button"
        >
          <h3
            className="color"
          >
            8
          </h3>
        </button>
        <button
          className="ordinary"
          onClick={[Function]}
          type="button"
        >
          <h3
            className="color"
          >
            9
          </h3>
        </button>
        <button
          className="ordinary"
          onClick={[Function]}
          type="button"
        >
          <h3
            className="color"
          >
            4
          </h3>
        </button>
        <button
          className="ordinary"
          onClick={[Function]}
          type="button"
        >
          <h3
            className="color"
          >
            5
          </h3>
        </button>
        <button
          className="ordinary"
          onClick={[Function]}
          type="button"
        >
          <h3
            className="color"
          >
            6
          </h3>
        </button>
        <button
          className="ordinary"
          onClick={[Function]}
          type="button"
        >
          <h3
            className="color"
          >
            1
          </h3>
        </button>
        <button
          className="ordinary"
          onClick={[Function]}
          type="button"
        >
          <h3
            className="color"
          >
            2
          </h3>
        </button>
        <button
          className="ordinary"
          onClick={[Function]}
          type="button"
        >
          <h3
            className="color"
          >
            3
          </h3>
        </button>
        <button
          className="width-half"
          onClick={[Function]}
          type="button"
        >
          <h3
            className="color"
          >
            0
          </h3>
        </button>
        <button
          className="ordinary"
          onClick={[Function]}
          type="button"
        >
          <h3
            className="color"
          >
            .
          </h3>
        </button>
      </div>
      <div
        className="oranges col-3 p-0"
      >
        <button
          className="orange"
          onClick={[Function]}
          type="button"
        >
          <h3
            className=""
          >
            /
          </h3>
        </button>
        <button
          className="orange"
          onClick={[Function]}
          type="button"
        >
          <h3
            className=""
          >
            x
          </h3>
        </button>
        <button
          className="orange"
          onClick={[Function]}
          type="button"
        >
          <h3
            className=""
          >
            -
          </h3>
        </button>
        <button
          className="orange"
          onClick={[Function]}
          type="button"
        >
          <h3
            className=""
          >
            +
          </h3>
        </button>
        <button
          className="orange"
          onClick={[Function]}
          type="button"
        >
          <h3
            className=""
          >
            =
          </h3>
        </button>
      </div>
    </div>
  </div>
</div>
`;
